// Jest Snapshot v1, https://goo.gl/fbAQLP

exports[`NoteAssocPlantToggleButton NoteAssocPlantToggleButton should be rendered 1`] = `
<div
  className="react-root"
>
  <button
    className="MuiButtonBase-root MuiButton-root MuiButton-contained MuiButton-containedPrimary MuiButton-containedSizeLarge MuiButton-sizeLarge"
    disabled={false}
    onBlur={[Function]}
    onClick={[Function]}
    onDragLeave={[Function]}
    onFocus={[Function]}
    onKeyDown={[Function]}
    onKeyUp={[Function]}
    onMouseDown={[Function]}
    onMouseLeave={[Function]}
    onMouseUp={[Function]}
    onTouchEnd={[Function]}
    onTouchMove={[Function]}
    onTouchStart={[Function]}
    style={
      Object {
        "color": "blue",
        "fontSize": "medium",
      }
    }
    tabIndex={0}
    type="button"
  >
    <span
      className="MuiButton-label"
    >
      Button Label
    </span>
    <span
      className="MuiTouchRipple-root"
    />
  </button>
</div>
`;
