// Jest Snapshot v1, https://goo.gl/fbAQLP

exports[`NoteEditMetrics should render NoteEditMetrics 1`] = `
<div
  className="react-root"
>
  <div
    style={
      Object {
        "textAlign": "left",
      }
    }
  >
    <div>
      <div
        className="MuiFormControl-root MuiTextField-root MuiFormControl-fullWidth"
        style={
          Object {
            "marginLeft": 20,
          }
        }
      >
        <label
          className="MuiFormLabel-root MuiInputLabel-root MuiInputLabel-formControl MuiInputLabel-animated"
          data-shrink={false}
          htmlFor="height"
          id="height-label"
          style={
            Object {
              "fontSize": "14px",
            }
          }
        >
          Height (inches only)
        </label>
        <div
          className="MuiInputBase-root MuiInput-root MuiInput-underline MuiInputBase-fullWidth MuiInput-fullWidth MuiInputBase-formControl MuiInput-formControl"
          onClick={[Function]}
          style={
            Object {
              "fontSize": "14px",
            }
          }
        >
          <input
            aria-invalid={false}
            className="MuiInputBase-input MuiInput-input"
            disabled={false}
            id="height"
            name="height"
            onAnimationStart={[Function]}
            onBlur={[Function]}
            onChange={[Function]}
            onFocus={[Function]}
            placeholder="Enter height of plant"
            required={false}
            type="number"
            value=""
          />
        </div>
        
      </div>
      <div
        className="MuiFormControl-root MuiTextField-root MuiFormControl-fullWidth"
        style={
          Object {
            "marginLeft": 20,
          }
        }
      >
        <label
          className="MuiFormLabel-root MuiInputLabel-root MuiInputLabel-formControl MuiInputLabel-animated"
          data-shrink={false}
          htmlFor="girth"
          id="girth-label"
          style={
            Object {
              "fontSize": "14px",
            }
          }
        >
          Girth (inches only)
        </label>
        <div
          className="MuiInputBase-root MuiInput-root MuiInput-underline MuiInputBase-fullWidth MuiInput-fullWidth MuiInputBase-formControl MuiInput-formControl"
          onClick={[Function]}
          style={
            Object {
              "fontSize": "14px",
            }
          }
        >
          <input
            aria-invalid={false}
            className="MuiInputBase-input MuiInput-input"
            disabled={false}
            id="girth"
            name="girth"
            onAnimationStart={[Function]}
            onBlur={[Function]}
            onChange={[Function]}
            onFocus={[Function]}
            placeholder="Enter girth of plant"
            required={false}
            type="number"
            value=""
          />
        </div>
        
      </div>
      <div
        className="MuiFormControl-root MuiTextField-root MuiFormControl-fullWidth"
        style={
          Object {
            "marginLeft": 20,
          }
        }
      >
        <label
          className="MuiFormLabel-root MuiInputLabel-root MuiInputLabel-formControl MuiInputLabel-animated"
          data-shrink={false}
          htmlFor="harvestCount"
          id="harvestCount-label"
          style={
            Object {
              "fontSize": "14px",
            }
          }
        >
          Harvest Count
        </label>
        <div
          className="MuiInputBase-root MuiInput-root MuiInput-underline MuiInputBase-fullWidth MuiInput-fullWidth MuiInputBase-formControl MuiInput-formControl"
          onClick={[Function]}
          style={
            Object {
              "fontSize": "14px",
            }
          }
        >
          <input
            aria-invalid={false}
            className="MuiInputBase-input MuiInput-input"
            disabled={false}
            id="harvestCount"
            name="harvestCount"
            onAnimationStart={[Function]}
            onBlur={[Function]}
            onChange={[Function]}
            onFocus={[Function]}
            placeholder="Enter number of items harvested"
            required={false}
            type="number"
            value=""
          />
        </div>
        
      </div>
      <div
        className="MuiFormControl-root MuiTextField-root MuiFormControl-fullWidth"
        style={
          Object {
            "marginLeft": 20,
          }
        }
      >
        <label
          className="MuiFormLabel-root MuiInputLabel-root MuiInputLabel-formControl MuiInputLabel-animated"
          data-shrink={false}
          htmlFor="harvestWeight"
          id="harvestWeight-label"
          style={
            Object {
              "fontSize": "14px",
            }
          }
        >
          Harvest Weight (lbs only)
        </label>
        <div
          className="MuiInputBase-root MuiInput-root MuiInput-underline MuiInputBase-fullWidth MuiInput-fullWidth MuiInputBase-formControl MuiInput-formControl"
          onClick={[Function]}
          style={
            Object {
              "fontSize": "14px",
            }
          }
        >
          <input
            aria-invalid={false}
            className="MuiInputBase-input MuiInput-input"
            disabled={false}
            id="harvestWeight"
            name="harvestWeight"
            onAnimationStart={[Function]}
            onBlur={[Function]}
            onChange={[Function]}
            onFocus={[Function]}
            placeholder="Enter weight of harvest"
            required={false}
            type="number"
            value=""
          />
        </div>
        
      </div>
      <label
        className="MuiFormControlLabel-root MuiFormControlLabel-labelPlacementStart"
        style={
          Object {
            "display": "block",
          }
        }
      >
        <span
          className="MuiSwitch-root"
        >
          <span
            aria-disabled={false}
            className="MuiButtonBase-root MuiIconButton-root PrivateSwitchBase-root-78 MuiSwitch-switchBase MuiSwitch-colorPrimary"
            onBlur={[Function]}
            onDragLeave={[Function]}
            onFocus={[Function]}
            onKeyDown={[Function]}
            onKeyUp={[Function]}
            onMouseDown={[Function]}
            onMouseLeave={[Function]}
            onMouseUp={[Function]}
            onTouchEnd={[Function]}
            onTouchMove={[Function]}
            onTouchStart={[Function]}
            style={
              Object {
                "maxWidth": "200px",
                "paddingLeft": "5px",
              }
            }
            tabIndex={null}
          >
            <span
              className="MuiIconButton-label"
            >
              <input
                checked={false}
                className="PrivateSwitchBase-input-81 MuiSwitch-input"
                name="firstBlossom"
                onChange={[Function]}
                type="checkbox"
              />
              <span
                className="MuiSwitch-thumb"
              />
            </span>
            <span
              className="MuiTouchRipple-root"
            />
          </span>
          <span
            className="MuiSwitch-track"
          />
        </span>
        <span
          className="MuiTypography-root MuiFormControlLabel-label MuiTypography-body1"
        >
          First Blossom
        </span>
      </label>
      <label
        className="MuiFormControlLabel-root MuiFormControlLabel-labelPlacementStart"
        style={
          Object {
            "display": "block",
          }
        }
      >
        <span
          className="MuiSwitch-root"
        >
          <span
            aria-disabled={false}
            className="MuiButtonBase-root MuiIconButton-root PrivateSwitchBase-root-78 MuiSwitch-switchBase MuiSwitch-colorPrimary"
            onBlur={[Function]}
            onDragLeave={[Function]}
            onFocus={[Function]}
            onKeyDown={[Function]}
            onKeyUp={[Function]}
            onMouseDown={[Function]}
            onMouseLeave={[Function]}
            onMouseUp={[Function]}
            onTouchEnd={[Function]}
            onTouchMove={[Function]}
            onTouchStart={[Function]}
            style={
              Object {
                "maxWidth": "200px",
                "paddingLeft": "5px",
              }
            }
            tabIndex={null}
          >
            <span
              className="MuiIconButton-label"
            >
              <input
                checked={false}
                className="PrivateSwitchBase-input-81 MuiSwitch-input"
                name="lastBlossom"
                onChange={[Function]}
                type="checkbox"
              />
              <span
                className="MuiSwitch-thumb"
              />
            </span>
            <span
              className="MuiTouchRipple-root"
            />
          </span>
          <span
            className="MuiSwitch-track"
          />
        </span>
        <span
          className="MuiTypography-root MuiFormControlLabel-label MuiTypography-body1"
        >
          Last Blossom
        </span>
      </label>
      <label
        className="MuiFormControlLabel-root MuiFormControlLabel-labelPlacementStart"
        style={
          Object {
            "display": "block",
          }
        }
      >
        <span
          className="MuiSwitch-root"
        >
          <span
            aria-disabled={false}
            className="MuiButtonBase-root MuiIconButton-root PrivateSwitchBase-root-78 MuiSwitch-switchBase MuiSwitch-colorPrimary"
            onBlur={[Function]}
            onDragLeave={[Function]}
            onFocus={[Function]}
            onKeyDown={[Function]}
            onKeyUp={[Function]}
            onMouseDown={[Function]}
            onMouseLeave={[Function]}
            onMouseUp={[Function]}
            onTouchEnd={[Function]}
            onTouchMove={[Function]}
            onTouchStart={[Function]}
            style={
              Object {
                "maxWidth": "200px",
                "paddingLeft": "5px",
              }
            }
            tabIndex={null}
          >
            <span
              className="MuiIconButton-label"
            >
              <input
                checked={false}
                className="PrivateSwitchBase-input-81 MuiSwitch-input"
                name="firstBud"
                onChange={[Function]}
                type="checkbox"
              />
              <span
                className="MuiSwitch-thumb"
              />
            </span>
            <span
              className="MuiTouchRipple-root"
            />
          </span>
          <span
            className="MuiSwitch-track"
          />
        </span>
        <span
          className="MuiTypography-root MuiFormControlLabel-label MuiTypography-body1"
        >
          First Bud
        </span>
      </label>
      <label
        className="MuiFormControlLabel-root MuiFormControlLabel-labelPlacementStart"
        style={
          Object {
            "display": "block",
          }
        }
      >
        <span
          className="MuiSwitch-root"
        >
          <span
            aria-disabled={false}
            className="MuiButtonBase-root MuiIconButton-root PrivateSwitchBase-root-78 MuiSwitch-switchBase MuiSwitch-colorPrimary"
            onBlur={[Function]}
            onDragLeave={[Function]}
            onFocus={[Function]}
            onKeyDown={[Function]}
            onKeyUp={[Function]}
            onMouseDown={[Function]}
            onMouseLeave={[Function]}
            onMouseUp={[Function]}
            onTouchEnd={[Function]}
            onTouchMove={[Function]}
            onTouchStart={[Function]}
            style={
              Object {
                "maxWidth": "200px",
                "paddingLeft": "5px",
              }
            }
            tabIndex={null}
          >
            <span
              className="MuiIconButton-label"
            >
              <input
                checked={false}
                className="PrivateSwitchBase-input-81 MuiSwitch-input"
                name="harvestStart"
                onChange={[Function]}
                type="checkbox"
              />
              <span
                className="MuiSwitch-thumb"
              />
            </span>
            <span
              className="MuiTouchRipple-root"
            />
          </span>
          <span
            className="MuiSwitch-track"
          />
        </span>
        <span
          className="MuiTypography-root MuiFormControlLabel-label MuiTypography-body1"
        >
          Harvest Start
        </span>
      </label>
      <label
        className="MuiFormControlLabel-root MuiFormControlLabel-labelPlacementStart"
        style={
          Object {
            "display": "block",
          }
        }
      >
        <span
          className="MuiSwitch-root"
        >
          <span
            aria-disabled={false}
            className="MuiButtonBase-root MuiIconButton-root PrivateSwitchBase-root-78 MuiSwitch-switchBase MuiSwitch-colorPrimary"
            onBlur={[Function]}
            onDragLeave={[Function]}
            onFocus={[Function]}
            onKeyDown={[Function]}
            onKeyUp={[Function]}
            onMouseDown={[Function]}
            onMouseLeave={[Function]}
            onMouseUp={[Function]}
            onTouchEnd={[Function]}
            onTouchMove={[Function]}
            onTouchStart={[Function]}
            style={
              Object {
                "maxWidth": "200px",
                "paddingLeft": "5px",
              }
            }
            tabIndex={null}
          >
            <span
              className="MuiIconButton-label"
            >
              <input
                checked={false}
                className="PrivateSwitchBase-input-81 MuiSwitch-input"
                name="harvestEnd"
                onChange={[Function]}
                type="checkbox"
              />
              <span
                className="MuiSwitch-thumb"
              />
            </span>
            <span
              className="MuiTouchRipple-root"
            />
          </span>
          <span
            className="MuiSwitch-track"
          />
        </span>
        <span
          className="MuiTypography-root MuiFormControlLabel-label MuiTypography-body1"
        >
          Harvest End
        </span>
      </label>
      <label
        className="MuiFormControlLabel-root MuiFormControlLabel-labelPlacementStart"
        style={
          Object {
            "display": "block",
          }
        }
      >
        <span
          className="MuiSwitch-root"
        >
          <span
            aria-disabled={false}
            className="MuiButtonBase-root MuiIconButton-root PrivateSwitchBase-root-78 MuiSwitch-switchBase MuiSwitch-colorPrimary"
            onBlur={[Function]}
            onDragLeave={[Function]}
            onFocus={[Function]}
            onKeyDown={[Function]}
            onKeyUp={[Function]}
            onMouseDown={[Function]}
            onMouseLeave={[Function]}
            onMouseUp={[Function]}
            onTouchEnd={[Function]}
            onTouchMove={[Function]}
            onTouchStart={[Function]}
            style={
              Object {
                "maxWidth": "200px",
                "paddingLeft": "5px",
              }
            }
            tabIndex={null}
          >
            <span
              className="MuiIconButton-label"
            >
              <input
                checked={false}
                className="PrivateSwitchBase-input-81 MuiSwitch-input"
                name="leafShedStart"
                onChange={[Function]}
                type="checkbox"
              />
              <span
                className="MuiSwitch-thumb"
              />
            </span>
            <span
              className="MuiTouchRipple-root"
            />
          </span>
          <span
            className="MuiSwitch-track"
          />
        </span>
        <span
          className="MuiTypography-root MuiFormControlLabel-label MuiTypography-body1"
        >
          Leaf Shed Start
        </span>
      </label>
      <label
        className="MuiFormControlLabel-root MuiFormControlLabel-labelPlacementStart"
        style={
          Object {
            "display": "block",
          }
        }
      >
        <span
          className="MuiSwitch-root"
        >
          <span
            aria-disabled={false}
            className="MuiButtonBase-root MuiIconButton-root PrivateSwitchBase-root-78 MuiSwitch-switchBase MuiSwitch-colorPrimary"
            onBlur={[Function]}
            onDragLeave={[Function]}
            onFocus={[Function]}
            onKeyDown={[Function]}
            onKeyUp={[Function]}
            onMouseDown={[Function]}
            onMouseLeave={[Function]}
            onMouseUp={[Function]}
            onTouchEnd={[Function]}
            onTouchMove={[Function]}
            onTouchStart={[Function]}
            style={
              Object {
                "maxWidth": "200px",
                "paddingLeft": "5px",
              }
            }
            tabIndex={null}
          >
            <span
              className="MuiIconButton-label"
            >
              <input
                checked={false}
                className="PrivateSwitchBase-input-81 MuiSwitch-input"
                name="leafShedEnd"
                onChange={[Function]}
                type="checkbox"
              />
              <span
                className="MuiSwitch-thumb"
              />
            </span>
            <span
              className="MuiTouchRipple-root"
            />
          </span>
          <span
            className="MuiSwitch-track"
          />
        </span>
        <span
          className="MuiTypography-root MuiFormControlLabel-label MuiTypography-body1"
        >
          Leaf Shed End
        </span>
      </label>
    </div>
  </div>
</div>
`;
