// Jest Snapshot v1, https://goo.gl/fbAQLP

exports[`DebugSettings DebugSettings should be rendered 1`] = `
<div
  className="react-root"
>
  <div
    className="page"
  >
    <nav
      className="navbar navbar-default navbar-fixed-top"
    >
      <div
        className="container-fluid"
      >
        <div
          className="navbar-header"
        >
          <button
            aria-expanded="false"
            className="navbar-toggle collapsed"
            data-target="#plant-navbar-collapse"
            data-toggle="collapse"
            type="button"
          >
            <span
              className="sr-only"
            >
              Toggle navigation
            </span>
            <span
              className="icon-bar"
            />
            <span
              className="icon-bar"
            />
            <span
              className="icon-bar"
            />
          </button>
          <a
            className="navbar-brand"
            href="/"
            onClick={[Function]}
          >
            Plant
          </a>
        </div>
        <div
          className="collapse navbar-collapse"
          id="plant-navbar-collapse"
        >
          <ul
            className="nav navbar-nav navbar-right"
          >
            <li>
              <a
                href="/login"
                onClick={[Function]}
              >
                Login
              </a>
            </li>
            <li>
              <a
                href="/help"
                onClick={[Function]}
                title="help"
              >
                Help
              </a>
            </li>
          </ul>
        </div>
      </div>
    </nav>
    <div
      id="main"
    />
    <nav
      className="navbar navbar-default navbar-fixed-bottom"
    >
      <div
        className="container-fluid"
      >
        <a
          href="/"
          onClick={[Function]}
        >
          Home
        </a>
        <a
          href="/privacy"
          onClick={[Function]}
          style={
            Object {
              "marginLeft": "10px",
            }
          }
        >
          Privacy
        </a>
        <a
          href="/terms"
          onClick={[Function]}
          style={
            Object {
              "marginLeft": "10px",
            }
          }
        >
          Terms
        </a>
      </div>
    </nav>
  </div>
</div>
`;
